A:\as\Logical\Global.typ
A:\as\Logical\Global.var
A:\as\Logical\Libraries\Runtime\runtime.fun
A:\as\Logical\Libraries\Runtime\runtime.typ
A:\as\Logical\Libraries\Runtime\runtime.var
A:\as\Logical\Libraries\Operator\operator.fun
A:\as\Logical\Libraries\Operator\operator.typ
A:\as\Logical\Libraries\Operator\operator.var
A:\as\Logical\Libraries\AsIecCon\AsIecCon.fun
A:\as\Logical\Libraries\AsIecCon\AsIecCon.typ
A:\as\Logical\Libraries\AsIecCon\AsIecCon.var
A:\as\Logical\Libraries\astime\astime.fun
A:\as\Logical\Libraries\astime\astime.typ
A:\as\Logical\Libraries\astime\astime.var
A:\as\Logical\Libraries\Acp10sdc\acp10sdc.var
A:\as\Logical\Libraries\Acp10sdc\acp10sdc.typ
A:\as\Logical\Libraries\Acp10man\Acp10man.typ
A:\as\Logical\Libraries\Acp10par\Acp10par.var
A:\as\Logical\Libraries\NcGlobal\NcGlobal.fun
A:\as\Logical\Libraries\NcGlobal\NcGlobal.typ
A:\as\Logical\Libraries\NcGlobal\NcGlobal.var
A:\as\Logical\Libraries\asstring\asstring.fun
A:\as\Logical\Libraries\asstring\asstring.typ
A:\as\Logical\Libraries\asstring\asstring.var
A:\as\Logical\Libraries\AsIOTime\AsIOTime.fun
A:\as\Logical\Libraries\AsIOTime\AsIOTime.typ
A:\as\Logical\Libraries\AsIOTime\AsIOTime.var
A:\as\Logical\Libraries\Acp10_MC\acp10_mc.fun
A:\as\Logical\Libraries\Acp10_MC\acp10_mc.typ
A:\as\Logical\Libraries\Acp10_MC\acp10_mc.var
A:\as\Logical\Libraries\brsystem\brsystem.fun
A:\as\Logical\Libraries\brsystem\brsystem.typ
A:\as\Logical\Libraries\brsystem\brsystem.var
A:\as\Logical\Libraries\sys_lib\sys_lib.fun
A:\as\Logical\Libraries\sys_lib\sys_lib.typ
A:\as\Logical\Libraries\sys_lib\sys_lib.var
A:\as\Logical\Libraries\Acp10sim\acp10sim.var
A:\as\Logical\Libraries\Acp10sim\acp10sim.typ
A:\as\Logical\Libraries\Library\Library.fun
A:\as\Logical\Libraries\AsMath\AsMath.fun
A:\as\Logical\Libraries\AsMath\AsMath.typ
A:\as\Logical\Libraries\AsMath\AsMath.var
A:\as\Logical\Libraries\Arnc0man\arnc0man.typ
A:\as\Logical\Libraries\DataObj\DataObj.fun
A:\as\Logical\Libraries\DataObj\DataObj.typ
A:\as\Logical\Libraries\DataObj\DataObj.var
A:\as\Logical\Libraries\AsArLog\AsArLog.fun
A:\as\Logical\Libraries\AsArLog\AsArLog.typ
A:\as\Logical\Libraries\AsArLog\AsArLog.var
A:\as\Logical\Libraries\FileIO\FileIO.fun
A:\as\Logical\Libraries\FileIO\FileIO.typ
A:\as\Logical\Libraries\FileIO\FileIO.var
A:\as\Logical\Libraries\AsArProf\AsArProf.fun
A:\as\Logical\Libraries\AsArProf\AsArProf.typ
A:\as\Logical\Libraries\AsArProf\AsArProf.var
A:\as\Logical\Libraries\AsMem\AsMem.fun
A:\as\Logical\Libraries\AsMem\AsMem.typ
A:\as\Logical\Libraries\AsMem\AsMem.var
A:\as\Logical\Types.typ
